    ┌────┐ ┌─────────────────────────────────────────────────────┐
    │    │ │                                                     │  0/50   ● New
    └────┘ └─────────────────────────────────────────────────────┘

    ┌──────────────────────────────────────────────────────────────────────────┐
    │? Choose an emoji:                                                      ● │
    │❯ 🎨 - test                                                               │
    │                                                                          │
    │                                                                          │
    │                                                                          │
    │                                                                          │
    │                                                                          │
    │                                                                          │
    │                                                                          │
    │                                                                          │
    └──────────────────────────────────────────────────────────────────────────┘