    ┌──────────────────────────────────────────────────────────────────────────┐
    │? Choose an emoji:                                                      ● │
    │No items found.                                                           │
    │                                                                          │
    │                                                                          │
    │                                                                          │
    │                                                                          │
    │                                                                          │
    │                                                                          │
    │                                                                          │
    │                                                                          │
    └──────────────────────────────────────────────────────────────────────────┘

    ┌────┐ ┌─────────────────────────────────────────────────────────────┐
    │    │ │                                                             │  0/50
    └────┘ └─────────────────────────────────────────────────────────────┘