    ┌──────────────────────────────────────────────────────────────────────────┐
    │? Choose an emoji:                                                      ● │
    │❯ 🎨 - test                                                               │
    │                                                                          │
    │                                                                          │
    │                                                                          │
    │                                                                          │
    │                                                                          │
    │                                                                          │
    │                                                                          │
    │                                                                          │
    └──────────────────────────────────────────────────────────────────────────┘

    ┌────┐ ┌─────────────────────────────────────────────────────┬───────┐
    │    │ │                                                     │  0/50 │   New
    └────┘ └─────────────────────────────────────────────────────┴───────┘