    ┌────┐ ┌─────────────────────────────────────────────────────┐
    │ 🐛 │ │                                                     │  3/50   ● New
    └────┘ └─────────────────────────────────────────────────────┘

    ┌──────────────────────────────────────────────────────────────────────────┐
    │? Choose an emoji: bug                                                  ● │
    │❯ 🐛 - Fix a bug.                                                         │
    │  🏗  - Make architectural changes.                                        │
    │  👔 - Add or update business logic.                                      │
    │                                                                          │
    │                                                                          │
    │                                                                          │
    │                                                                          │
    │                                                                          │
    │                                                                          │
    └──────────────────────────────────────────────────────────────────────────┘