    ┌────┐ ┌─────────────────────────────────────────────────────────────┐
    │ 🐛 │ │                                                             │  3/50
    └────┘ └─────────────────────────────────────────────────────────────┘

    ┌──────────────────────────────────────────────────────────────────────────┐
    │? Choose an emoji: bug                                                  ● │
    │❯ 🐛 - Fix a bug.                                                         │
    │  👔 - Add or update business logic.                                      │
    │                                                                          │
    │                                                                          │
    │                                                                          │
    │                                                                          │
    │                                                                          │
    │                                                                          │
    │                                                                          │
    └──────────────────────────────────────────────────────────────────────────┘