    ┌────┐ ┌─────────────────────────────────────────────────────────────┐
    │ ⬆️  │ │                                                             │  3/50
    └────┘ └─────────────────────────────────────────────────────────────┘

    ┌──────────────────────────────────────────────────────────────────────────┐
    │? Choose an emoji:                                                      ○ │
    │❯ ⬆️  - Upgrade dependencies.                                            ○ │
    │  📌 - Pin dependencies to specific versions.                           ● │
    │  👷 - Add or update CI build system.                                   ○ │
    │  📈 - Add or update analytics or track code.                           ○ │
    │  ♻️  - Refactor code.                                                   ○ │
    │  ➕ - Add a dependency.                                                ○ │
    │  ➖ - Remove a dependency.                                             ○ │
    │  🔧 - Add or update configuration files.                                 │
    │  🔨 - Add or update build scripts.                                       │
    └──────────────────────────────────────────────────────────────────────────┘