    ┌────┐ ┌─────────────────────────────────────────────────────────────┐
    │ ⚡️ │ │                                                             │  3/50
    └────┘ └─────────────────────────────────────────────────────────────┘

    ┌──────────────────────────────────────────────────────────────────────────┐
    │? Choose an emoji:                                                      ● │
    │  🎨 - Improve structure / format of the code.                          ○ │
    │❯ ⚡️ - Improve performance.                                             ○ │
    │  🔥 - Remove code or files.                                            ○ │
    │  🐛 - Fix a bug.                                                       ○ │
    │  🚑 - Critical hotfix.                                                 ○ │
    │  ✨ - Introduce new features.                                          ○ │
    │  📝 - Add or update documentation.                                     ○ │
    │  🚀 - Deploy stuff.                                                      │
    │  💄 - Add or update the UI and style files.                              │
    └──────────────────────────────────────────────────────────────────────────┘