commit 1 (HEAD -> master)
author: John Doe <jdoe@example.org>
date:   Sat Jan 1 01:00:00 2022 +0000

    ┌────┐ ┌─────────────────────────────────────────────────────┐
    │    │ │ placeholder                                         │  0/50 ● Amend
    └────┘ └─────────────────────────────────────────────────────┘

    ┌──────────────────────────────────────────────────────────────────────────┐
    │? Choose an emoji:                                                      ● │
    │❯ 🎨 - Improve structure / format of the code.                            │
    │                                                                          │
    │                                                                          │
    │                                                                          │
    │                                                                          │
    │                                                                          │
    │                                                                          │
    │                                                                          │
    │                                                                          │
    └──────────────────────────────────────────────────────────────────────────┘

    ┌──────────────────────────────────────────────────────────────────────────┐
    │ placeholder                                                              │
    │  ~                                                                       │
    │  ~                                                                       │
    │  ~                                                                       │
    └──────────────────────────────────────────────────────────────────────────┘

      Signed-off-by: John Doe <jdoe@example.org>

 Alt + <enter> Commit <s> Sign-off </> Help                Summary <tab>
Ctrl +     <c> Cancel                                       Author <tab> + Shift
