commit 1 (HEAD -> master)
author: John Doe <john.doe@example.com>
date:   Sat Jan 1 01:00:00 2022 +0000

    ┌────┐ ┌─────────────────────────────────────────────────────┐
    │ 🎨 │ │ placeholder                                         │  3/50 ● Amend
    └────┘ └─────────────────────────────────────────────────────┘

    ┌──────────────────────────────────────────────────────────────────────────┐
    │ placeholder                                                              │
    │  ~                                                                       │
    │  ~                                                                       │
    │  ~                                                                       │
    │  ~                                                                       │
    │  ~                                                                       │
    │  ~                                                                       │
    │  ~                                                                       │
    │  ~                                                                       │
    │  ~                                                                       │
    │  ~                                                                       │
    │  ~                                                                       │
    │  ~                                                                       │
    │  ~                                                                       │
    │  ~                                                                       │
    │  ~                                                                       │
    │  ~                                                                       │
    │  ~                                                                       │
    │  ~                                                                       │
    └──────────────────────────────────────────────────────────────────────────┘

 Alt + <enter> Commit <a> Amend <s> Sign-off </> Help         Body <tab>
Ctrl +     <c> Cancel                                        Emoji <tab> + Shift
