    ┌────────────────────────────────────────┐ ┌────────────────────────────────────────┐
    │  A                                     │ │                                        │
    │    1                                   │ │                                        │
    │    2                                   │ │                                        │
    │    3                                   │ │                                        │
    │                                        │ │                                        │
    │  B                                     │ │                                        │
    │                                        │ │                                        │
    │❯ C                                     │ │                                        │
    │  │ 1                                   │ │                                        │
    │  └▸2                                   │ │                                        │
    │    3                                   │ │                                        │
    │                                        │ │                                        │
    │  D                                     │ │                                        │
    │    1                                   │ │                                        │
    │    2                                   │ └────────────────────────────────────────┘
    │                                        │
    │                                        │ ┌────────────────────────────────────────┐
    │                                        │ │                                        │
    │                                        │ │                                        │
    │                                        │ │                                        │
    └────────────────────────────────────────┘ └────────────────────────────────────────┘
