    ┌────────────────────────────────────────┐ ┌────────────────────────────────────────┐
    │❯ First                                 │ │ First                                  │
    │  └▸1                                   │ │ ● 1                                    │
    │    2                                   │ │ ○ 2                                    │
    │    3                                   │ │ ○ 3                                    │
    │    4                                   │ │                                        │
    │                                        │ │ Second                                 │
    │  Second                                │ │ ● 4                                    │
    │                                        │ │ ○ 5                                    │
    │  Third                                 │ │ ○ 6                                    │
    │    1                                   │ │                                        │
    │    2                                   │ │ Second                                 │
    │    3                                   │ │ ▣ Enable                               │
    │                                        │ │                                        │
    │  Forth                                 │ │                                        │
    │    1                                   │ └────────────────────────────────────────┘
    │    2                                   │
    │                                        │ ┌────────────────────────────────────────┐
    │                                        │ │                                        │
    │                                        │ │                                        │
    │                                        │ │                                        │
    └────────────────────────────────────────┘ └────────────────────────────────────────┘
