    ┌────────────────────────────────────────┐ ┌────────────────────────────────────────┐
    │                                        │ │ A                                      │
    │                                        │ │ ● 0.0                                  │
    │                                        │ │ ○ 0.1                                  │
    │                                        │ │ ○ 0.2                                  │
    │                                        │ │                                        │
    │                                        │ │ B                                      │
    │                                        │ │ ● 1.0                                  │
    │                                        │ │ ○ 1.1                                  │
    │                                        │ │ ○ 1.2                                  │
    │                                        │ │                                        │
    │                                        │ │ C                                      │
    │                                        │ │ ○ 2.0                                  │
    │                                        │ │ ● 2.1                                  │
    │                                        │ │ ○ 2.2                                  │
    │                                        │ └────────────────────────────────────────┘
    │                                        │
    │                                        │ ┌────────────────────────────────────────┐
    │                                        │ │                                        │
    │                                        │ │                                        │
    │                                        │ │                                        │
    └────────────────────────────────────────┘ └────────────────────────────────────────┘
