    ┌────────────────────┐  ┌────────────────────────────────────────┐
    │❯ Theme             │  │ Theme: 1                               │
    │                    │  └────────────────────────────────────────┘
    │                    │
    │                    │  ┌────────────────────────────────────────┐
    │                    │  │? Select a theme:                     ● │
    │                    │  │  0                                     │
    │                    │  │❯ 1                                     │
    │                    │  │  2                                     │
    │                    │  │  3                                     │
    │                    │  │  4                                     │
    │                    │  │                                        │
    │                    │  │                                        │
    │                    │  │                                        │
    │                    │  │                                        │
    │                    │  │                                        │
    │                    │  │                                        │
    │                    │  │                                        │
    │                    │  │                                        │
    │                    │  │                                        │
    │                    │  │                                        │
    │                    │  │                                        │
    │                    │  │                                        │
    │                    │  │                                        │
    └────────────────────┘  └────────────────────────────────────────┘
