Committed is a WYSIWYG Git commit editor

Usage:
  committed [flags]
  committed [command]

Available Commands:
  completion   Generate the autocompletion script for the specified shell
  help         Help about any command
  version      Print the version information

Flags:
      --config string   Config file location (default "$HOME/.config/committed/config.yaml")
      --dry-run         Simulate applying a commit (default true)
  -a, --amend           Replace the tip of the current branch by creating a new commit
  -h, --help            help for committed
  -v, --version         version for committed

Use "committed [command] --help" for more information about a command.
