Name                            ID                              Palette           
Builtin Dark                    builtin_dark                                      
Dracula                         dracula                                           
Gruvbox Dark                    gruvbox_dark                                      
nord                            nord                                              
Retrowave                       retrowave                                         
Solarized Dark Higher Contrast  solarized_dark_higher_contrast                    
TokyoNight                      tokyo_night                                       
