    ┌──────────────────────────────────────────────────────────────────────────┐
    │? title                                                                 ○ │
    │❯ item 3                                                                ● │
    │  item 4                                                                  │
    └──────────────────────────────────────────────────────────────────────────┘