    ┌──────────────────────────────────────────────────────────────────────────┐
    │? title                                                                 ● │
    │❯ newitem 1                                                               │
    │  newitem 2                                                               │
    └──────────────────────────────────────────────────────────────────────────┘