commit 1 (HEAD -> master)
author: John Doe <j@example.id>
date:   Sat Jan 1 01:00:00 2022 +0000

    ┌──────────────────────────────────────────────────────────────────────────┐
    │? Choose an author:                                                     ● │
    │❯ John Doe <j@example.id>                                                 │
    │  John Doe <jd@example.net>                                               │
    │                                                                          │
    └──────────────────────────────────────────────────────────────────────────┘
